<html>
<body>
<pre>
<h1>µVision Build Log</h1>
<h2>Tool Versions:</h2>
IDE-Version: µVision V5.31.0.0
Copyright (C) 2020 ARM Ltd and ARM Germany GmbH. All rights reserved.
License Information: Frank Duignan, tudublin, LIC=----
 
Tool Versions:
Toolchain:       MDK-Lite  Version: 5.31.0.0
Toolchain Path:  C:\Keil_v5\ARM\ARMCLANG\Bin
C Compiler:      ArmClang.exe V6.14
Assembler:       Armasm.exe V6.14
Linker/Locator:  ArmLink.exe V6.14
Library Manager: ArmAr.exe V6.14
Hex Converter:   FromElf.exe V6.14
CPU DLL:         SARMCM3.DLL V5.31.0.0
Dialog DLL:      DARMCM1.DLL V1.19.3.0
Target DLL:      STLink\ST-LINKIII-KEIL_SWO.dll V3.0.7.0
Dialog DLL:      TARMCM1.DLL V1.14.2.0
 
<h2>Project:</h2>
C:\Users\ossie\Documents\2021-2022\tu856\microrealms\microrealms.uvprojx
Project File Date:  02/07/2022

<h2>Output:</h2>
*** Using Compiler 'V6.14', folder: 'C:\Keil_v5\ARM\ARMCLANG\Bin'
Rebuild target 'Target 1'
compiling stm32l031lib.c...
compiling main.c...
compiling realm.c...
realm.c(44): warning: this function declaration is not a prototype [-Wstrict-prototypes]
void randomize();
              ^
               void
realm.c(109): warning: implicit conversion changes signedness: 'int' to 'unsigned int' [-Wsign-conversion]
                                GPIOA->ODR &=~ (1 << 6); // clear (make 0) GPIOA bit 6
                                           ~~^~~~~~~~~~
realm.c(607): warning: no previous prototype for function 'randomize' [-Wmissing-prototypes]
void randomize()
     ^
realm.c(44): note: this declaration is not a prototype; add 'void' to make it a prototype for a zero-parameter function
void randomize();
     ^
               void
realm.c(619): warning: no previous prototype for function 'SysTick_Handler' [-Wmissing-prototypes]
void SysTick_Handler(void)
     ^
realm.c(619): note: declare 'static' if the function is not intended to be used outside of this translation unit
void SysTick_Handler(void)
^
static 
4 warnings generated.
assembling startup_stm32l031xx.s...
compiling system_stm32l0xx.c...
linking...
Program Size: Code=4750 RO-data=602 RW-data=4 ZI-data=2272  
".\Objects\microrealms.axf" - 0 Error(s), 4 Warning(s).

<h2>Software Packages used:</h2>

Package Vendor: ARM
                http://www.keil.com/pack/ARM.CMSIS.5.7.0.pack
                ARM.CMSIS.5.7.0
                CMSIS (Cortex Microcontroller Software Interface Standard)
   * Component: CORE Version: 5.4.0

Package Vendor: Keil
                http://www.keil.com/pack/Keil.STM32L0xx_DFP.2.1.0.pack
                Keil.STM32L0xx_DFP.2.1.0
                STMicroelectronics STM32L0 Series Device Support, Drivers and Examples
   * Component: Startup Version: 1.0.0

<h2>Collection of Component include folders:</h2>
  .\RTE\_Target_1
  C:\Users\ossie\AppData\Local\Arm\Packs\ARM\CMSIS\5.7.0\CMSIS\Core\Include
  C:\Users\ossie\AppData\Local\Arm\Packs\Keil\STM32L0xx_DFP\2.1.0\Drivers\CMSIS\Device\ST\STM32L0xx\Include

<h2>Collection of Component Files used:</h2>

   * Component: ARM::CMSIS:CORE:5.4.0

   * Component: Keil.Standalone::Device:Startup:1.0.0
      Source file:   MDK\Device\Source\ARM\STM32L0xx_OPT.s
      Include file:  Drivers\CMSIS\Device\ST\STM32L0xx\Include\stm32l0xx.h
      Source file:   Drivers\CMSIS\Device\ST\STM32L0xx\Source\Templates\arm\startup_stm32l031xx.s
      Source file:   Drivers\CMSIS\Device\ST\STM32L0xx\Source\Templates\system_stm32l0xx.c
Build Time Elapsed:  00:00:02
</pre>
</body>
</html>
