Component: ARM Compiler 6.14 Tool: armlink [5db06800]

==============================================================================

Section Cross References

    stm32l031lib.o(.ARM.exidx.text.pinMode) refers to stm32l031lib.o(.text.pinMode) for [Anonymous Symbol]
    stm32l031lib.o(.ARM.exidx.text.delay) refers to stm32l031lib.o(.text.delay) for [Anonymous Symbol]
    stm32l031lib.o(.ARM.exidx.text.enablePullUp) refers to stm32l031lib.o(.text.enablePullUp) for [Anonymous Symbol]
    stm32l031lib.o(.ARM.exidx.text.initClock) refers to stm32l031lib.o(.text.initClock) for [Anonymous Symbol]
    stm32l031lib.o(.text.initSerial) refers to stm32l031lib.o(.text.initClock) for initClock
    stm32l031lib.o(.text.initSerial) refers to stm32l031lib.o(.text.pinMode) for pinMode
    stm32l031lib.o(.text.initSerial) refers to stm32l031lib.o(.text.initButtons) for initButtons
    stm32l031lib.o(.ARM.exidx.text.initSerial) refers to stm32l031lib.o(.text.initSerial) for [Anonymous Symbol]
    stm32l031lib.o(.text.initButtons) refers to stm32l031lib.o(.text.pinMode) for pinMode
    stm32l031lib.o(.text.initButtons) refers to stm32l031lib.o(.text.enablePullUp) for enablePullUp
    stm32l031lib.o(.ARM.exidx.text.initButtons) refers to stm32l031lib.o(.text.initButtons) for [Anonymous Symbol]
    stm32l031lib.o(.ARM.exidx.text.eputchar) refers to stm32l031lib.o(.text.eputchar) for [Anonymous Symbol]
    stm32l031lib.o(.text.egetchar) refers to stm32l031lib.o(.text.getButtonState) for getButtonState
    stm32l031lib.o(.ARM.exidx.text.egetchar) refers to stm32l031lib.o(.text.egetchar) for [Anonymous Symbol]
    stm32l031lib.o(.ARM.exidx.text.getButtonState) refers to stm32l031lib.o(.text.getButtonState) for [Anonymous Symbol]
    stm32l031lib.o(.text.eputs) refers to stm32l031lib.o(.text.eputchar) for eputchar
    stm32l031lib.o(.ARM.exidx.text.eputs) refers to stm32l031lib.o(.text.eputs) for [Anonymous Symbol]
    stm32l031lib.o(.text.printDecimal) refers to aeabi_sdivfast.o(.text_divfast) for __aeabi_uidiv
    stm32l031lib.o(.text.printDecimal) refers to stm32l031lib.o(.text.eputs) for eputs
    stm32l031lib.o(.ARM.exidx.text.printDecimal) refers to stm32l031lib.o(.text.printDecimal) for [Anonymous Symbol]
    main.o(.text.main) refers to stm32l031lib.o(.text.initSerial) for initSerial
    main.o(.text.main) refers to realm.o(.text.runGame) for runGame
    main.o(.ARM.exidx.text.main) refers to main.o(.text.main) for [Anonymous Symbol]
    realm.o(.text.runGame) refers to realm.o(.text.randomize) for randomize
    realm.o(.text.runGame) refers to stm32l031lib.o(.text.pinMode) for pinMode
    realm.o(.text.runGame) refers to stm32l031lib.o(.text.eputs) for eputs
    realm.o(.text.runGame) refers to realm.o(.text.showHelp) for showHelp
    realm.o(.text.runGame) refers to realm.o(.text.initRealm) for initRealm
    realm.o(.text.runGame) refers to realm.o(.text.initPlayer) for initPlayer
    realm.o(.text.runGame) refers to realm.o(.text.showPlayer) for showPlayer
    realm.o(.text.runGame) refers to realm.o(.text.showRealm) for showRealm
    realm.o(.text.runGame) refers to realm.o(.text.showGameMessage) for showGameMessage
    realm.o(.text.runGame) refers to realm.o(.text.getUserInput) for getUserInput
    realm.o(.text.runGame) refers to realm.o(.text.playNote) for playNote
    realm.o(.text.runGame) refers to stm32l031lib.o(.text.delay) for delay
    realm.o(.text.runGame) refers to realm.o(.text.step) for step
    realm.o(.text.runGame) refers to realm.o(.bss.GameStarted) for [Anonymous Symbol]
    realm.o(.text.runGame) refers to realm.o(.bss.theRealm) for [Anonymous Symbol]
    realm.o(.text.runGame) refers to realm.o(.bss.thePlayer) for [Anonymous Symbol]
    realm.o(.ARM.exidx.text.runGame) refers to realm.o(.text.runGame) for [Anonymous Symbol]
    realm.o(.text.showHelp) refers to stm32l031lib.o(.text.eputs) for eputs
    realm.o(.ARM.exidx.text.showHelp) refers to realm.o(.text.showHelp) for [Anonymous Symbol]
    realm.o(.text.showGameMessage) refers to stm32l031lib.o(.text.eputs) for eputs
    realm.o(.ARM.exidx.text.showGameMessage) refers to realm.o(.text.showGameMessage) for [Anonymous Symbol]
    realm.o(.text.getUserInput) refers to stm32l031lib.o(.text.egetchar) for egetchar
    realm.o(.ARM.exidx.text.getUserInput) refers to realm.o(.text.getUserInput) for [Anonymous Symbol]
    realm.o(.text.initRealm) refers to realm.o(.text.random) for random
    realm.o(.ARM.exidx.text.initRealm) refers to realm.o(.text.initRealm) for [Anonymous Symbol]
    realm.o(.text.initPlayer) refers to stm32l031lib.o(.text.eputs) for eputs
    realm.o(.text.initPlayer) refers to realm.o(.text.getUserInput) for getUserInput
    realm.o(.text.initPlayer) refers to stm32l031lib.o(.text.eputchar) for eputchar
    realm.o(.text.initPlayer) refers to realm.o(.text.setHealth) for setHealth
    realm.o(.text.initPlayer) refers to realm.o(.text.random) for random
    realm.o(.ARM.exidx.text.initPlayer) refers to realm.o(.text.initPlayer) for [Anonymous Symbol]
    realm.o(.text.showPlayer) refers to stm32l031lib.o(.text.eputs) for eputs
    realm.o(.text.showPlayer) refers to stm32l031lib.o(.text.printDecimal) for printDecimal
    realm.o(.text.showPlayer) refers to realm.o(.text.getWeaponName) for getWeaponName
    realm.o(.ARM.exidx.text.showPlayer) refers to realm.o(.text.showPlayer) for [Anonymous Symbol]
    realm.o(.text.showRealm) refers to stm32l031lib.o(.text.eputs) for eputs
    realm.o(.text.showRealm) refers to stm32l031lib.o(.text.eputchar) for eputchar
    realm.o(.text.showRealm) refers to realm.o(.rodata.str1.1) for .L.str.20
    realm.o(.ARM.exidx.text.showRealm) refers to realm.o(.text.showRealm) for [Anonymous Symbol]
    realm.o(.text.playNote) refers to aeabi_sdivfast.o(.text_divfast) for __aeabi_uidiv
    realm.o(.text.playNote) refers to realm.o(.bss.SoundDuration) for [Anonymous Symbol]
    realm.o(.ARM.exidx.text.playNote) refers to realm.o(.text.playNote) for [Anonymous Symbol]
    realm.o(.text.step) refers to realm.o(.text.showGameMessage) for showGameMessage
    realm.o(.text.step) refers to realm.o(.text.doChallenge) for doChallenge
    realm.o(.text.step) refers to stm32l031lib.o(.text.eputs) for eputs
    realm.o(.text.step) refers to realm.o(.text.setHealth) for setHealth
    realm.o(.text.step) refers to realm.o(.text.initRealm) for initRealm
    realm.o(.text.step) refers to realm.o(.text.showRealm) for showRealm
    realm.o(.text.step) refers to realm.o(.text.setStrength) for setStrength
    realm.o(.text.step) refers to realm.o(.text.random) for random
    realm.o(.text.step) refers to realm.o(.text.addWeapon) for addWeapon
    realm.o(.text.step) refers to realm.o(.text.showPlayer) for showPlayer
    realm.o(.text.step) refers to realm.o(.bss.theRealm) for [Anonymous Symbol]
    realm.o(.text.step) refers to realm.o(.rodata.str1.1) for .L.str.13
    realm.o(.ARM.exidx.text.step) refers to realm.o(.text.step) for [Anonymous Symbol]
    realm.o(.text.doChallenge) refers to stm32l031lib.o(.text.eputs) for eputs
    realm.o(.text.doChallenge) refers to realm.o(.text.getUserInput) for getUserInput
    realm.o(.text.doChallenge) refers to realm.o(.text.getWeaponName) for getWeaponName
    realm.o(.text.doChallenge) refers to realm.o(.text.random) for random
    realm.o(.text.doChallenge) refers to realm.o(.text.setStrength) for setStrength
    realm.o(.text.doChallenge) refers to realm.o(.text.setHealth) for setHealth
    realm.o(.text.doChallenge) refers to stm32l031lib.o(.text.printDecimal) for printDecimal
    realm.o(.text.doChallenge) refers to realm.o(.text.showGameMessage) for showGameMessage
    realm.o(.text.doChallenge) refers to realm.o(.rodata.str1.1) for .L.str.20
    realm.o(.text.doChallenge) refers to realm.o(.rodata.cst16) for WeaponDamage
    realm.o(.ARM.exidx.text.doChallenge) refers to realm.o(.text.doChallenge) for [Anonymous Symbol]
    realm.o(.ARM.exidx.text.setHealth) refers to realm.o(.text.setHealth) for [Anonymous Symbol]
    realm.o(.ARM.exidx.text.setStrength) refers to realm.o(.text.setStrength) for [Anonymous Symbol]
    realm.o(.text.addWeapon) refers to stm32l031lib.o(.text.eputs) for eputs
    realm.o(.text.addWeapon) refers to stm32l031lib.o(.text.printDecimal) for printDecimal
    realm.o(.text.addWeapon) refers to realm.o(.text.showPlayer) for showPlayer
    realm.o(.text.addWeapon) refers to realm.o(.text.getUserInput) for getUserInput
    realm.o(.text.addWeapon) refers to stm32l031lib.o(.text.eputchar) for eputchar
    realm.o(.text.addWeapon) refers to realm.o(.rodata.str1.1) for .L.str.42
    realm.o(.ARM.exidx.text.addWeapon) refers to realm.o(.text.addWeapon) for [Anonymous Symbol]
    realm.o(.text.random) refers to realm.o(.text.prbs) for prbs
    realm.o(.ARM.exidx.text.random) refers to realm.o(.text.random) for [Anonymous Symbol]
    realm.o(.text.getWeaponName) refers to realm.o(.rodata.str1.1) for .L.str.44
    realm.o(.ARM.exidx.text.getWeaponName) refers to realm.o(.text.getWeaponName) for [Anonymous Symbol]
    realm.o(.ARM.exidx.text.zap) refers to realm.o(.text.zap) for [Anonymous Symbol]
    realm.o(.text.prbs) refers to realm.o(.bss.prbs.busy) for [Anonymous Symbol]
    realm.o(.text.prbs) refers to realm.o(.data.shift_register) for [Anonymous Symbol]
    realm.o(.ARM.exidx.text.prbs) refers to realm.o(.text.prbs) for [Anonymous Symbol]
    realm.o(.text.randomize) refers to realm.o(.text.ADCBegin) for ADCBegin
    realm.o(.text.randomize) refers to realm.o(.text.ADCRead) for ADCRead
    realm.o(.text.randomize) refers to realm.o(.data.shift_register) for [Anonymous Symbol]
    realm.o(.ARM.exidx.text.randomize) refers to realm.o(.text.randomize) for [Anonymous Symbol]
    realm.o(.text.ADCBegin) refers to stm32l031lib.o(.text.pinMode) for pinMode
    realm.o(.ARM.exidx.text.ADCBegin) refers to realm.o(.text.ADCBegin) for [Anonymous Symbol]
    realm.o(.ARM.exidx.text.ADCRead) refers to realm.o(.text.ADCRead) for [Anonymous Symbol]
    realm.o(.text.SysTick_Handler) refers to realm.o(.bss.SoundDuration) for [Anonymous Symbol]
    realm.o(.ARM.exidx.text.SysTick_Handler) refers to realm.o(.text.SysTick_Handler) for [Anonymous Symbol]
    startup_stm32l031xx.o(STACK) refers (Special) to heapauxi.o(.text) for __use_two_region_memory
    startup_stm32l031xx.o(HEAP) refers (Special) to heapauxi.o(.text) for __use_two_region_memory
    startup_stm32l031xx.o(RESET) refers (Special) to heapauxi.o(.text) for __use_two_region_memory
    startup_stm32l031xx.o(RESET) refers to startup_stm32l031xx.o(STACK) for __initial_sp
    startup_stm32l031xx.o(RESET) refers to startup_stm32l031xx.o(.text) for Reset_Handler
    startup_stm32l031xx.o(RESET) refers to realm.o(.text.SysTick_Handler) for SysTick_Handler
    startup_stm32l031xx.o(.text) refers (Special) to heapauxi.o(.text) for __use_two_region_memory
    startup_stm32l031xx.o(.text) refers to system_stm32l0xx.o(.text.SystemInit) for SystemInit
    startup_stm32l031xx.o(.text) refers to __main.o(!!!main) for __main
    startup_stm32l031xx.o(.text) refers to startup_stm32l031xx.o(HEAP) for Heap_Mem
    startup_stm32l031xx.o(.text) refers to startup_stm32l031xx.o(STACK) for Stack_Mem
    system_stm32l0xx.o(.ARM.exidx.text.SystemInit) refers to system_stm32l0xx.o(.text.SystemInit) for [Anonymous Symbol]
    system_stm32l0xx.o(.text.SystemCoreClockUpdate) refers to aeabi_sdivfast.o(.text_divfast) for __aeabi_uidiv
    system_stm32l0xx.o(.text.SystemCoreClockUpdate) refers to system_stm32l0xx.o(.rodata.PLLMulTable) for PLLMulTable
    system_stm32l0xx.o(.text.SystemCoreClockUpdate) refers to system_stm32l0xx.o(.data.SystemCoreClock) for SystemCoreClock
    system_stm32l0xx.o(.text.SystemCoreClockUpdate) refers to system_stm32l0xx.o(.rodata.AHBPrescTable) for AHBPrescTable
    system_stm32l0xx.o(.ARM.exidx.text.SystemCoreClockUpdate) refers to system_stm32l0xx.o(.text.SystemCoreClockUpdate) for [Anonymous Symbol]
    __main.o(!!!main) refers to __rtentry.o(.ARM.Collect$$rtentry$$00000000) for __rt_entry
    __rtentry.o(.ARM.Collect$$rtentry$$00000000) refers (Special) to __rtentry2.o(.ARM.Collect$$rtentry$$0000000A) for __rt_entry_li
    __rtentry.o(.ARM.Collect$$rtentry$$00000000) refers (Special) to __rtentry2.o(.ARM.Collect$$rtentry$$0000000D) for __rt_entry_main
    __rtentry.o(.ARM.Collect$$rtentry$$00000000) refers (Special) to __rtentry2.o(.ARM.Collect$$rtentry$$0000000C) for __rt_entry_postli_1
    __rtentry.o(.ARM.Collect$$rtentry$$00000000) refers (Special) to __rtentry2.o(.ARM.Collect$$rtentry$$00000009) for __rt_entry_postsh_1
    __rtentry.o(.ARM.Collect$$rtentry$$00000000) refers (Special) to __rtentry2.o(.ARM.Collect$$rtentry$$00000002) for __rt_entry_presh_1
    __rtentry.o(.ARM.Collect$$rtentry$$00000000) refers (Special) to __rtentry4.o(.ARM.Collect$$rtentry$$00000004) for __rt_entry_sh
    aeabi_idiv0_sigfpe.o(.text) refers to rt_div0.o(.text) for __rt_div0
    __rtentry2.o(.ARM.Collect$$rtentry$$00000008) refers to boardinit2.o(.text) for _platform_post_stackheap_init
    __rtentry2.o(.ARM.Collect$$rtentry$$0000000A) refers to libinit.o(.ARM.Collect$$libinit$$00000000) for __rt_lib_init
    __rtentry2.o(.ARM.Collect$$rtentry$$0000000B) refers to boardinit3.o(.text) for _platform_post_lib_init
    __rtentry2.o(.ARM.Collect$$rtentry$$0000000D) refers to main.o(.text.main) for main
    __rtentry2.o(.ARM.Collect$$rtentry$$0000000D) refers to exit.o(.text) for exit
    __rtentry2.o(.ARM.exidx) refers to __rtentry2.o(.ARM.Collect$$rtentry$$00000001) for .ARM.Collect$$rtentry$$00000001
    __rtentry2.o(.ARM.exidx) refers to __rtentry2.o(.ARM.Collect$$rtentry$$00000008) for .ARM.Collect$$rtentry$$00000008
    __rtentry2.o(.ARM.exidx) refers to __rtentry2.o(.ARM.Collect$$rtentry$$0000000A) for .ARM.Collect$$rtentry$$0000000A
    __rtentry2.o(.ARM.exidx) refers to __rtentry2.o(.ARM.Collect$$rtentry$$0000000B) for .ARM.Collect$$rtentry$$0000000B
    __rtentry2.o(.ARM.exidx) refers to __rtentry2.o(.ARM.Collect$$rtentry$$0000000D) for .ARM.Collect$$rtentry$$0000000D
    __rtentry4.o(.ARM.Collect$$rtentry$$00000004) refers to sys_stackheap_outer.o(.text) for __user_setup_stackheap
    __rtentry4.o(.ARM.exidx) refers to __rtentry4.o(.ARM.Collect$$rtentry$$00000004) for .ARM.Collect$$rtentry$$00000004
    rt_div0.o(.text) refers to defsig_fpe_outer.o(.text) for __rt_SIGFPE
    sys_stackheap_outer.o(.text) refers to libspace.o(.text) for __user_perproc_libspace
    sys_stackheap_outer.o(.text) refers to startup_stm32l031xx.o(.text) for __user_initial_stackheap
    sys_stackheap_outer.o(__vectab_stack_and_reset_area) refers to tempstk.o(.text) for __temporary_stack_top
    sys_stackheap_outer.o(__vectab_stack_and_reset_area) refers to __main.o(!!!main) for __main
    exit.o(.text) refers to rtexit.o(.ARM.Collect$$rtexit$$00000000) for __rt_exit
    defsig_fpe_outer.o(.text) refers to defsig_fpe_inner.o(.text) for __rt_SIGFPE_inner
    defsig_fpe_outer.o(.text) refers to defsig_exit.o(.text) for __sig_exit
    defsig_fpe_formal.o(.text) refers to rt_raise.o(.text) for __rt_raise
    libinit.o(.ARM.Collect$$libinit$$00000000) refers (Special) to libinit2.o(.ARM.Collect$$libinit$$0000002E) for __rt_lib_init_alloca_1
    libinit.o(.ARM.Collect$$libinit$$00000000) refers (Special) to libinit2.o(.ARM.Collect$$libinit$$0000002C) for __rt_lib_init_argv_1
    libinit.o(.ARM.Collect$$libinit$$00000000) refers (Special) to libinit2.o(.ARM.Collect$$libinit$$0000001B) for __rt_lib_init_atexit_1
    libinit.o(.ARM.Collect$$libinit$$00000000) refers (Special) to libinit2.o(.ARM.Collect$$libinit$$00000021) for __rt_lib_init_clock_1
    libinit.o(.ARM.Collect$$libinit$$00000000) refers (Special) to libinit2.o(.ARM.Collect$$libinit$$00000032) for __rt_lib_init_cpp_1
    libinit.o(.ARM.Collect$$libinit$$00000000) refers (Special) to libinit2.o(.ARM.Collect$$libinit$$00000030) for __rt_lib_init_exceptions_1
    libinit.o(.ARM.Collect$$libinit$$00000000) refers (Special) to libinit2.o(.ARM.Collect$$libinit$$00000002) for __rt_lib_init_fp_1
    libinit.o(.ARM.Collect$$libinit$$00000000) refers (Special) to libinit2.o(.ARM.Collect$$libinit$$0000001F) for __rt_lib_init_fp_trap_1
    libinit.o(.ARM.Collect$$libinit$$00000000) refers (Special) to libinit2.o(.ARM.Collect$$libinit$$00000023) for __rt_lib_init_getenv_1
    libinit.o(.ARM.Collect$$libinit$$00000000) refers (Special) to libinit2.o(.ARM.Collect$$libinit$$0000000A) for __rt_lib_init_heap_1
    libinit.o(.ARM.Collect$$libinit$$00000000) refers (Special) to libinit2.o(.ARM.Collect$$libinit$$00000011) for __rt_lib_init_lc_collate_1
    libinit.o(.ARM.Collect$$libinit$$00000000) refers (Special) to libinit2.o(.ARM.Collect$$libinit$$00000013) for __rt_lib_init_lc_ctype_1
    libinit.o(.ARM.Collect$$libinit$$00000000) refers (Special) to libinit2.o(.ARM.Collect$$libinit$$00000015) for __rt_lib_init_lc_monetary_1
    libinit.o(.ARM.Collect$$libinit$$00000000) refers (Special) to libinit2.o(.ARM.Collect$$libinit$$00000017) for __rt_lib_init_lc_numeric_1
    libinit.o(.ARM.Collect$$libinit$$00000000) refers (Special) to libinit2.o(.ARM.Collect$$libinit$$00000019) for __rt_lib_init_lc_time_1
    libinit.o(.ARM.Collect$$libinit$$00000000) refers (Special) to libinit2.o(.ARM.Collect$$libinit$$00000004) for __rt_lib_init_preinit_1
    libinit.o(.ARM.Collect$$libinit$$00000000) refers (Special) to libinit2.o(.ARM.Collect$$libinit$$0000000E) for __rt_lib_init_rand_1
    libinit.o(.ARM.Collect$$libinit$$00000000) refers (Special) to libinit2.o(.ARM.Collect$$libinit$$00000033) for __rt_lib_init_return
    libinit.o(.ARM.Collect$$libinit$$00000000) refers (Special) to libinit2.o(.ARM.Collect$$libinit$$0000001D) for __rt_lib_init_signal_1
    libinit.o(.ARM.Collect$$libinit$$00000000) refers (Special) to libinit2.o(.ARM.Collect$$libinit$$00000025) for __rt_lib_init_stdio_1
    libinit.o(.ARM.Collect$$libinit$$00000000) refers (Special) to libinit2.o(.ARM.Collect$$libinit$$0000000C) for __rt_lib_init_user_alloc_1
    libspace.o(.text) refers to libspace.o(.bss) for __libspace_start
    rtexit.o(.ARM.Collect$$rtexit$$00000000) refers (Special) to rtexit2.o(.ARM.Collect$$rtexit$$00000004) for __rt_exit_exit
    rtexit.o(.ARM.Collect$$rtexit$$00000000) refers (Special) to rtexit2.o(.ARM.Collect$$rtexit$$00000003) for __rt_exit_ls
    rtexit.o(.ARM.Collect$$rtexit$$00000000) refers (Special) to rtexit2.o(.ARM.Collect$$rtexit$$00000002) for __rt_exit_prels_1
    rtexit.o(.ARM.exidx) refers (Special) to rtexit2.o(.ARM.Collect$$rtexit$$00000004) for __rt_exit_exit
    rtexit.o(.ARM.exidx) refers (Special) to rtexit2.o(.ARM.Collect$$rtexit$$00000003) for __rt_exit_ls
    rtexit.o(.ARM.exidx) refers (Special) to rtexit2.o(.ARM.Collect$$rtexit$$00000002) for __rt_exit_prels_1
    rtexit.o(.ARM.exidx) refers to rtexit.o(.ARM.Collect$$rtexit$$00000000) for .ARM.Collect$$rtexit$$00000000
    rt_raise.o(.text) refers to __raise.o(.text) for __raise
    rt_raise.o(.text) refers to sys_exit.o(.text) for _sys_exit
    defsig_exit.o(.text) refers to sys_exit.o(.text) for _sys_exit
    defsig_fpe_inner.o(.text) refers to defsig_general.o(.text) for __default_signal_display
    libinit2.o(.ARM.Collect$$libinit$$00000010) refers to libinit2.o(.ARM.Collect$$libinit$$0000000F) for .ARM.Collect$$libinit$$0000000F
    libinit2.o(.ARM.Collect$$libinit$$00000012) refers to libinit2.o(.ARM.Collect$$libinit$$0000000F) for .ARM.Collect$$libinit$$0000000F
    libinit2.o(.ARM.Collect$$libinit$$00000014) refers to libinit2.o(.ARM.Collect$$libinit$$0000000F) for .ARM.Collect$$libinit$$0000000F
    libinit2.o(.ARM.Collect$$libinit$$00000016) refers to libinit2.o(.ARM.Collect$$libinit$$0000000F) for .ARM.Collect$$libinit$$0000000F
    libinit2.o(.ARM.Collect$$libinit$$00000018) refers to libinit2.o(.ARM.Collect$$libinit$$0000000F) for .ARM.Collect$$libinit$$0000000F
    libinit2.o(.ARM.Collect$$libinit$$00000026) refers to argv_veneer.o(.text) for __ARM_argv_veneer
    libinit2.o(.ARM.Collect$$libinit$$00000027) refers to argv_veneer.o(.text) for __ARM_argv_veneer
    sys_exit.o(.text) refers (Special) to use_no_semi.o(.text) for __I$use$semihosting
    sys_exit.o(.text) refers (Special) to indicate_semi.o(.text) for __semihosting_library_function
    sys_exit_hlt.o(.text) refers (Special) to use_no_semi.o(.text) for __I$use$semihosting
    sys_exit_hlt.o(.text) refers (Special) to indicate_semi.o(.text) for __semihosting_library_function
    rtexit2.o(.ARM.Collect$$rtexit$$00000003) refers to libshutdown.o(.ARM.Collect$$libshutdown$$00000000) for __rt_lib_shutdown
    rtexit2.o(.ARM.Collect$$rtexit$$00000004) refers to sys_exit.o(.text) for _sys_exit
    rtexit2.o(.ARM.exidx) refers to rtexit2.o(.ARM.Collect$$rtexit$$00000001) for .ARM.Collect$$rtexit$$00000001
    rtexit2.o(.ARM.exidx) refers to rtexit2.o(.ARM.Collect$$rtexit$$00000003) for .ARM.Collect$$rtexit$$00000003
    rtexit2.o(.ARM.exidx) refers to rtexit2.o(.ARM.Collect$$rtexit$$00000004) for .ARM.Collect$$rtexit$$00000004
    __raise.o(.text) refers to defsig.o(CL$$defsig) for __default_signal_handler
    defsig_general.o(.text) refers to sys_wrch.o(.text) for _ttywrch
    sys_wrch.o(.text) refers (Special) to use_no_semi.o(.text) for __I$use$semihosting
    sys_wrch.o(.text) refers (Special) to indicate_semi.o(.text) for __semihosting_library_function
    sys_wrch_hlt.o(.text) refers (Special) to use_no_semi.o(.text) for __I$use$semihosting
    sys_wrch_hlt.o(.text) refers (Special) to indicate_semi.o(.text) for __semihosting_library_function
    defsig.o(CL$$defsig) refers to defsig_fpe_inner.o(.text) for __rt_SIGFPE_inner
    defsig.o(CL$$defsig) refers to defsig_rtmem_inner.o(.text) for __rt_SIGRTMEM_inner
    _get_argv_nomalloc.o(.text) refers (Special) to hrguard.o(.text) for __heap_region$guard
    _get_argv_nomalloc.o(.text) refers to defsig_rtmem_outer.o(.text) for __rt_SIGRTMEM
    _get_argv_nomalloc.o(.text) refers to sys_command.o(.text) for _sys_command_string
    libshutdown.o(.ARM.Collect$$libshutdown$$00000000) refers (Special) to libshutdown2.o(.ARM.Collect$$libshutdown$$00000002) for __rt_lib_shutdown_cpp_1
    libshutdown.o(.ARM.Collect$$libshutdown$$00000000) refers (Special) to libshutdown2.o(.ARM.Collect$$libshutdown$$00000007) for __rt_lib_shutdown_fp_trap_1
    libshutdown.o(.ARM.Collect$$libshutdown$$00000000) refers (Special) to libshutdown2.o(.ARM.Collect$$libshutdown$$0000000F) for __rt_lib_shutdown_heap_1
    libshutdown.o(.ARM.Collect$$libshutdown$$00000000) refers (Special) to libshutdown2.o(.ARM.Collect$$libshutdown$$00000010) for __rt_lib_shutdown_return
    libshutdown.o(.ARM.Collect$$libshutdown$$00000000) refers (Special) to libshutdown2.o(.ARM.Collect$$libshutdown$$0000000A) for __rt_lib_shutdown_signal_1
    libshutdown.o(.ARM.Collect$$libshutdown$$00000000) refers (Special) to libshutdown2.o(.ARM.Collect$$libshutdown$$00000004) for __rt_lib_shutdown_stdio_1
    libshutdown.o(.ARM.Collect$$libshutdown$$00000000) refers (Special) to libshutdown2.o(.ARM.Collect$$libshutdown$$0000000C) for __rt_lib_shutdown_user_alloc_1
    sys_command.o(.text) refers (Special) to use_no_semi.o(.text) for __I$use$semihosting
    sys_command.o(.text) refers (Special) to indicate_semi.o(.text) for __semihosting_library_function
    sys_command_hlt.o(.text) refers (Special) to use_no_semi.o(.text) for __I$use$semihosting
    sys_command_hlt.o(.text) refers (Special) to indicate_semi.o(.text) for __semihosting_library_function
    defsig_abrt_inner.o(.text) refers to defsig_general.o(.text) for __default_signal_display
    defsig_rtred_inner.o(.text) refers to defsig_general.o(.text) for __default_signal_display
    defsig_rtmem_inner.o(.text) refers to defsig_general.o(.text) for __default_signal_display
    defsig_rtmem_outer.o(.text) refers to defsig_rtmem_inner.o(.text) for __rt_SIGRTMEM_inner
    defsig_rtmem_outer.o(.text) refers to defsig_exit.o(.text) for __sig_exit
    defsig_rtmem_formal.o(.text) refers to rt_raise.o(.text) for __rt_raise
    defsig_stak_inner.o(.text) refers to defsig_general.o(.text) for __default_signal_display
    defsig_pvfn_inner.o(.text) refers to defsig_general.o(.text) for __default_signal_display
    defsig_cppl_inner.o(.text) refers to defsig_general.o(.text) for __default_signal_display
    defsig_segv_inner.o(.text) refers to defsig_general.o(.text) for __default_signal_display
    defsig_other.o(.text) refers to defsig_general.o(.text) for __default_signal_display


==============================================================================

Removing Unused input sections from the image.

    Removing stm32l031lib.o(.text), (0 bytes).
    Removing stm32l031lib.o(.ARM.exidx.text.pinMode), (8 bytes).
    Removing stm32l031lib.o(.ARM.exidx.text.delay), (8 bytes).
    Removing stm32l031lib.o(.ARM.exidx.text.enablePullUp), (8 bytes).
    Removing stm32l031lib.o(.ARM.exidx.text.initClock), (8 bytes).
    Removing stm32l031lib.o(.ARM.exidx.text.initSerial), (8 bytes).
    Removing stm32l031lib.o(.ARM.exidx.text.initButtons), (8 bytes).
    Removing stm32l031lib.o(.ARM.exidx.text.eputchar), (8 bytes).
    Removing stm32l031lib.o(.ARM.exidx.text.egetchar), (8 bytes).
    Removing stm32l031lib.o(.ARM.exidx.text.getButtonState), (8 bytes).
    Removing stm32l031lib.o(.ARM.exidx.text.eputs), (8 bytes).
    Removing stm32l031lib.o(.ARM.exidx.text.printDecimal), (8 bytes).
    Removing main.o(.text), (0 bytes).
    Removing main.o(.ARM.exidx.text.main), (8 bytes).
    Removing main.o(.ARM.use_no_argv), (4 bytes).
    Removing realm.o(.text), (0 bytes).
    Removing realm.o(.ARM.exidx.text.runGame), (8 bytes).
    Removing realm.o(.ARM.exidx.text.showHelp), (8 bytes).
    Removing realm.o(.ARM.exidx.text.showGameMessage), (8 bytes).
    Removing realm.o(.ARM.exidx.text.getUserInput), (8 bytes).
    Removing realm.o(.ARM.exidx.text.initRealm), (8 bytes).
    Removing realm.o(.ARM.exidx.text.initPlayer), (8 bytes).
    Removing realm.o(.ARM.exidx.text.showPlayer), (8 bytes).
    Removing realm.o(.ARM.exidx.text.showRealm), (8 bytes).
    Removing realm.o(.ARM.exidx.text.playNote), (8 bytes).
    Removing realm.o(.ARM.exidx.text.step), (8 bytes).
    Removing realm.o(.ARM.exidx.text.doChallenge), (8 bytes).
    Removing realm.o(.ARM.exidx.text.setHealth), (8 bytes).
    Removing realm.o(.ARM.exidx.text.setStrength), (8 bytes).
    Removing realm.o(.ARM.exidx.text.addWeapon), (8 bytes).
    Removing realm.o(.ARM.exidx.text.random), (8 bytes).
    Removing realm.o(.ARM.exidx.text.getWeaponName), (8 bytes).
    Removing realm.o(.text.zap), (2 bytes).
    Removing realm.o(.ARM.exidx.text.zap), (8 bytes).
    Removing realm.o(.ARM.exidx.text.prbs), (8 bytes).
    Removing realm.o(.ARM.exidx.text.randomize), (8 bytes).
    Removing realm.o(.ARM.exidx.text.ADCBegin), (8 bytes).
    Removing realm.o(.ARM.exidx.text.ADCRead), (8 bytes).
    Removing realm.o(.ARM.exidx.text.SysTick_Handler), (8 bytes).
    Removing system_stm32l0xx.o(.text), (0 bytes).
    Removing system_stm32l0xx.o(.ARM.exidx.text.SystemInit), (8 bytes).
    Removing system_stm32l0xx.o(.text.SystemCoreClockUpdate), (172 bytes).
    Removing system_stm32l0xx.o(.ARM.exidx.text.SystemCoreClockUpdate), (8 bytes).
    Removing system_stm32l0xx.o(.data.SystemCoreClock), (4 bytes).
    Removing system_stm32l0xx.o(.rodata.AHBPrescTable), (16 bytes).
    Removing system_stm32l0xx.o(.rodata.APBPrescTable), (8 bytes).
    Removing system_stm32l0xx.o(.rodata.PLLMulTable), (9 bytes).

47 unused section(s) (total 503 bytes) removed from the image.

==============================================================================

Image Symbol Table

    Local Symbols

    Symbol Name                              Value     Ov Type        Size  Object(Section)

    ../clib/angel/boardlib.s                 0x00000000   Number         0  boardinit1.o ABSOLUTE
    ../clib/angel/boardlib.s                 0x00000000   Number         0  boardinit2.o ABSOLUTE
    ../clib/angel/boardlib.s                 0x00000000   Number         0  boardinit3.o ABSOLUTE
    ../clib/angel/boardlib.s                 0x00000000   Number         0  boardshut.o ABSOLUTE
    ../clib/angel/handlers.s                 0x00000000   Number         0  __scatter_copy.o ABSOLUTE
    ../clib/angel/handlers.s                 0x00000000   Number         0  __scatter_zi.o ABSOLUTE
    ../clib/angel/kernel.s                   0x00000000   Number         0  __rtentry.o ABSOLUTE
    ../clib/angel/kernel.s                   0x00000000   Number         0  __rtentry2.o ABSOLUTE
    ../clib/angel/kernel.s                   0x00000000   Number         0  __rtentry4.o ABSOLUTE
    ../clib/angel/kernel.s                   0x00000000   Number         0  rtexit.o ABSOLUTE
    ../clib/angel/kernel.s                   0x00000000   Number         0  rtexit2.o ABSOLUTE
    ../clib/angel/rt.s                       0x00000000   Number         0  aeabi_idiv0.o ABSOLUTE
    ../clib/angel/rt.s                       0x00000000   Number         0  aeabi_idiv0_sigfpe.o ABSOLUTE
    ../clib/angel/rt.s                       0x00000000   Number         0  rt_div0.o ABSOLUTE
    ../clib/angel/rt.s                       0x00000000   Number         0  rt_raise.o ABSOLUTE
    ../clib/angel/scatterp.s                 0x00000000   Number         0  __scatter.o ABSOLUTE
    ../clib/angel/startup.s                  0x00000000   Number         0  __main.o ABSOLUTE
    ../clib/angel/sys.s                      0x00000000   Number         0  sys_stackheap_outer.o ABSOLUTE
    ../clib/angel/sys.s                      0x00000000   Number         0  libspace.o ABSOLUTE
    ../clib/angel/sys.s                      0x00000000   Number         0  tempstk.o ABSOLUTE
    ../clib/angel/sys.s                      0x00000000   Number         0  use_no_semi.o ABSOLUTE
    ../clib/angel/sys.s                      0x00000000   Number         0  indicate_semi.o ABSOLUTE
    ../clib/angel/sysapp.c                   0x00000000   Number         0  sys_exit.o ABSOLUTE
    ../clib/angel/sysapp.c                   0x00000000   Number         0  sys_exit_hlt.o ABSOLUTE
    ../clib/angel/sysapp.c                   0x00000000   Number         0  sys_wrch.o ABSOLUTE
    ../clib/angel/sysapp.c                   0x00000000   Number         0  sys_wrch_hlt.o ABSOLUTE
    ../clib/angel/sysapp.c                   0x00000000   Number         0  sys_command.o ABSOLUTE
    ../clib/angel/sysapp.c                   0x00000000   Number         0  sys_command_hlt.o ABSOLUTE
    ../clib/armsys.c                         0x00000000   Number         0  argv_veneer.o ABSOLUTE
    ../clib/armsys.c                         0x00000000   Number         0  _get_argv_nomalloc.o ABSOLUTE
    ../clib/armsys.c                         0x00000000   Number         0  no_argv.o ABSOLUTE
    ../clib/division.s                       0x00000000   Number         0  aeabi_sdivfast.o ABSOLUTE
    ../clib/division.s                       0x00000000   Number         0  aeabi_sdivfast_div0.o ABSOLUTE
    ../clib/heapalloc.c                      0x00000000   Number         0  hrguard.o ABSOLUTE
    ../clib/heapaux.c                        0x00000000   Number         0  heapauxi.o ABSOLUTE
    ../clib/libinit.s                        0x00000000   Number         0  libinit.o ABSOLUTE
    ../clib/libinit.s                        0x00000000   Number         0  libinit2.o ABSOLUTE
    ../clib/libinit.s                        0x00000000   Number         0  libshutdown.o ABSOLUTE
    ../clib/libinit.s                        0x00000000   Number         0  libshutdown2.o ABSOLUTE
    ../clib/signal.c                         0x00000000   Number         0  defsig_fpe_outer.o ABSOLUTE
    ../clib/signal.c                         0x00000000   Number         0  defsig_fpe_formal.o ABSOLUTE
    ../clib/signal.c                         0x00000000   Number         0  defsig_exit.o ABSOLUTE
    ../clib/signal.c                         0x00000000   Number         0  defsig_fpe_inner.o ABSOLUTE
    ../clib/signal.c                         0x00000000   Number         0  __raise.o ABSOLUTE
    ../clib/signal.c                         0x00000000   Number         0  defsig_general.o ABSOLUTE
    ../clib/signal.c                         0x00000000   Number         0  defsig_abrt_inner.o ABSOLUTE
    ../clib/signal.c                         0x00000000   Number         0  defsig_rtred_inner.o ABSOLUTE
    ../clib/signal.c                         0x00000000   Number         0  defsig_rtmem_inner.o ABSOLUTE
    ../clib/signal.c                         0x00000000   Number         0  defsig_rtmem_outer.o ABSOLUTE
    ../clib/signal.c                         0x00000000   Number         0  defsig_rtmem_formal.o ABSOLUTE
    ../clib/signal.c                         0x00000000   Number         0  defsig_stak_inner.o ABSOLUTE
    ../clib/signal.c                         0x00000000   Number         0  defsig_pvfn_inner.o ABSOLUTE
    ../clib/signal.c                         0x00000000   Number         0  defsig_cppl_inner.o ABSOLUTE
    ../clib/signal.c                         0x00000000   Number         0  defsig_segv_inner.o ABSOLUTE
    ../clib/signal.c                         0x00000000   Number         0  defsig_other.o ABSOLUTE
    ../clib/signal.s                         0x00000000   Number         0  defsig.o ABSOLUTE
    ../clib/stdlib.c                         0x00000000   Number         0  exit.o ABSOLUTE
    ../fplib/cfplib/fpinit.c                 0x00000000   Number         0  fpinit.o ABSOLUTE
    RTE/Device/STM32L031K6Tx/startup_stm32l031xx.s 0x00000000   Number         0  startup_stm32l031xx.o ABSOLUTE
    dc.s                                     0x00000000   Number         0  dc.o ABSOLUTE
    main.c                                   0x00000000   Number         0  main.o ABSOLUTE
    realm.c                                  0x00000000   Number         0  realm.o ABSOLUTE
    stm32l031lib.c                           0x00000000   Number         0  stm32l031lib.o ABSOLUTE
    system_stm32l0xx.c                       0x00000000   Number         0  system_stm32l0xx.o ABSOLUTE
    RESET                                    0x08000000   Section      192  startup_stm32l031xx.o(RESET)
    !!!main                                  0x080000c0   Section        8  __main.o(!!!main)
    !!!scatter                               0x080000c8   Section       60  __scatter.o(!!!scatter)
    !!handler_copy                           0x08000104   Section       26  __scatter_copy.o(!!handler_copy)
    !!handler_zi                             0x08000120   Section       28  __scatter_zi.o(!!handler_zi)
    .ARM.Collect$$libinit$$00000000          0x0800013c   Section        2  libinit.o(.ARM.Collect$$libinit$$00000000)
    .ARM.Collect$$libinit$$00000002          0x0800013e   Section        0  libinit2.o(.ARM.Collect$$libinit$$00000002)
    .ARM.Collect$$libinit$$00000004          0x0800013e   Section        0  libinit2.o(.ARM.Collect$$libinit$$00000004)
    .ARM.Collect$$libinit$$0000000A          0x0800013e   Section        0  libinit2.o(.ARM.Collect$$libinit$$0000000A)
    .ARM.Collect$$libinit$$0000000C          0x0800013e   Section        0  libinit2.o(.ARM.Collect$$libinit$$0000000C)
    .ARM.Collect$$libinit$$0000000E          0x0800013e   Section        0  libinit2.o(.ARM.Collect$$libinit$$0000000E)
    .ARM.Collect$$libinit$$00000011          0x0800013e   Section        0  libinit2.o(.ARM.Collect$$libinit$$00000011)
    .ARM.Collect$$libinit$$00000013          0x0800013e   Section        0  libinit2.o(.ARM.Collect$$libinit$$00000013)
    .ARM.Collect$$libinit$$00000015          0x0800013e   Section        0  libinit2.o(.ARM.Collect$$libinit$$00000015)
    .ARM.Collect$$libinit$$00000017          0x0800013e   Section        0  libinit2.o(.ARM.Collect$$libinit$$00000017)
    .ARM.Collect$$libinit$$00000019          0x0800013e   Section        0  libinit2.o(.ARM.Collect$$libinit$$00000019)
    .ARM.Collect$$libinit$$0000001B          0x0800013e   Section        0  libinit2.o(.ARM.Collect$$libinit$$0000001B)
    .ARM.Collect$$libinit$$0000001D          0x0800013e   Section        0  libinit2.o(.ARM.Collect$$libinit$$0000001D)
    .ARM.Collect$$libinit$$0000001F          0x0800013e   Section        0  libinit2.o(.ARM.Collect$$libinit$$0000001F)
    .ARM.Collect$$libinit$$00000021          0x0800013e   Section        0  libinit2.o(.ARM.Collect$$libinit$$00000021)
    .ARM.Collect$$libinit$$00000023          0x0800013e   Section        0  libinit2.o(.ARM.Collect$$libinit$$00000023)
    .ARM.Collect$$libinit$$00000025          0x0800013e   Section        0  libinit2.o(.ARM.Collect$$libinit$$00000025)
    .ARM.Collect$$libinit$$0000002C          0x0800013e   Section        0  libinit2.o(.ARM.Collect$$libinit$$0000002C)
    .ARM.Collect$$libinit$$0000002E          0x0800013e   Section        0  libinit2.o(.ARM.Collect$$libinit$$0000002E)
    .ARM.Collect$$libinit$$00000030          0x0800013e   Section        0  libinit2.o(.ARM.Collect$$libinit$$00000030)
    .ARM.Collect$$libinit$$00000032          0x0800013e   Section        0  libinit2.o(.ARM.Collect$$libinit$$00000032)
    .ARM.Collect$$libinit$$00000033          0x0800013e   Section        2  libinit2.o(.ARM.Collect$$libinit$$00000033)
    .ARM.Collect$$libshutdown$$00000000      0x08000140   Section        2  libshutdown.o(.ARM.Collect$$libshutdown$$00000000)
    .ARM.Collect$$libshutdown$$00000002      0x08000142   Section        0  libshutdown2.o(.ARM.Collect$$libshutdown$$00000002)
    .ARM.Collect$$libshutdown$$00000004      0x08000142   Section        0  libshutdown2.o(.ARM.Collect$$libshutdown$$00000004)
    .ARM.Collect$$libshutdown$$00000007      0x08000142   Section        0  libshutdown2.o(.ARM.Collect$$libshutdown$$00000007)
    .ARM.Collect$$libshutdown$$0000000A      0x08000142   Section        0  libshutdown2.o(.ARM.Collect$$libshutdown$$0000000A)
    .ARM.Collect$$libshutdown$$0000000C      0x08000142   Section        0  libshutdown2.o(.ARM.Collect$$libshutdown$$0000000C)
    .ARM.Collect$$libshutdown$$0000000F      0x08000142   Section        0  libshutdown2.o(.ARM.Collect$$libshutdown$$0000000F)
    .ARM.Collect$$libshutdown$$00000010      0x08000142   Section        2  libshutdown2.o(.ARM.Collect$$libshutdown$$00000010)
    .ARM.Collect$$rtentry$$00000000          0x08000144   Section        0  __rtentry.o(.ARM.Collect$$rtentry$$00000000)
    .ARM.Collect$$rtentry$$00000002          0x08000144   Section        0  __rtentry2.o(.ARM.Collect$$rtentry$$00000002)
    .ARM.Collect$$rtentry$$00000004          0x08000144   Section        6  __rtentry4.o(.ARM.Collect$$rtentry$$00000004)
    .ARM.Collect$$rtentry$$00000009          0x0800014a   Section        0  __rtentry2.o(.ARM.Collect$$rtentry$$00000009)
    .ARM.Collect$$rtentry$$0000000A          0x0800014a   Section        4  __rtentry2.o(.ARM.Collect$$rtentry$$0000000A)
    .ARM.Collect$$rtentry$$0000000C          0x0800014e   Section        0  __rtentry2.o(.ARM.Collect$$rtentry$$0000000C)
    .ARM.Collect$$rtentry$$0000000D          0x0800014e   Section        8  __rtentry2.o(.ARM.Collect$$rtentry$$0000000D)
    .ARM.Collect$$rtexit$$00000000           0x08000156   Section        2  rtexit.o(.ARM.Collect$$rtexit$$00000000)
    .ARM.Collect$$rtexit$$00000002           0x08000158   Section        0  rtexit2.o(.ARM.Collect$$rtexit$$00000002)
    .ARM.Collect$$rtexit$$00000003           0x08000158   Section        4  rtexit2.o(.ARM.Collect$$rtexit$$00000003)
    .ARM.Collect$$rtexit$$00000004           0x0800015c   Section        6  rtexit2.o(.ARM.Collect$$rtexit$$00000004)
    .text                                    0x08000164   Section       56  startup_stm32l031xx.o(.text)
    .text                                    0x0800019c   Section        0  heapauxi.o(.text)
    .text                                    0x080001a2   Section       62  sys_stackheap_outer.o(.text)
    .text                                    0x080001e0   Section        0  exit.o(.text)
    .text                                    0x080001f0   Section        8  libspace.o(.text)
    .text                                    0x080001f8   Section        0  sys_exit.o(.text)
    .text                                    0x08000204   Section        2  use_no_semi.o(.text)
    .text                                    0x08000206   Section        0  indicate_semi.o(.text)
    [Anonymous Symbol]                       0x08000208   Section        0  realm.o(.text.ADCBegin)
    __arm_cp.19_0                            0x08000250   Number         4  realm.o(.text.ADCBegin)
    __arm_cp.19_1                            0x08000254   Number         4  realm.o(.text.ADCBegin)
    [Anonymous Symbol]                       0x08000258   Section        0  realm.o(.text.ADCRead)
    __arm_cp.20_0                            0x08000270   Number         4  realm.o(.text.ADCRead)
    [Anonymous Symbol]                       0x08000274   Section        0  realm.o(.text.SysTick_Handler)
    __arm_cp.21_0                            0x08000290   Number         4  realm.o(.text.SysTick_Handler)
    __arm_cp.21_1                            0x08000294   Number         4  realm.o(.text.SysTick_Handler)
    [Anonymous Symbol]                       0x08000298   Section        0  system_stm32l0xx.o(.text.SystemInit)
    __arm_cp.0_0                             0x080002d8   Number         4  system_stm32l0xx.o(.text.SystemInit)
    __arm_cp.0_1                             0x080002dc   Number         4  system_stm32l0xx.o(.text.SystemInit)
    __arm_cp.0_2                             0x080002e0   Number         4  system_stm32l0xx.o(.text.SystemInit)
    __arm_cp.0_3                             0x080002e4   Number         4  system_stm32l0xx.o(.text.SystemInit)
    [Anonymous Symbol]                       0x080002e8   Section        0  realm.o(.text.addWeapon)
    __arm_cp.13_4                            0x080003c4   Number         4  realm.o(.text.addWeapon)
    [Anonymous Symbol]                       0x080003f4   Section        0  stm32l031lib.o(.text.delay)
    [Anonymous Symbol]                       0x08000408   Section        0  realm.o(.text.doChallenge)
    __arm_cp.10_3                            0x0800063c   Number         4  realm.o(.text.doChallenge)
    __arm_cp.10_11                           0x08000690   Number         4  realm.o(.text.doChallenge)
    __arm_cp.10_12                           0x08000694   Number         4  realm.o(.text.doChallenge)
    LightningSpellDamage                     0x080006a0   Number         0  realm.o(.text.doChallenge)
    FireSpellDamage                          0x080006ac   Number         0  realm.o(.text.doChallenge)
    FreezeSpellDamage                        0x080006b8   Number         0  realm.o(.text.doChallenge)
    __arm_cp.10_19                           0x080006bc   Number         4  realm.o(.text.doChallenge)
    BadGuyDamage                             0x080006c0   Number         0  realm.o(.text.doChallenge)
    __arm_cp.10_21                           0x080006c4   Number         4  realm.o(.text.doChallenge)
    __arm_cp.10_23                           0x080006d0   Number         4  realm.o(.text.doChallenge)
    __arm_cp.10_24                           0x080006d4   Number         4  realm.o(.text.doChallenge)
    [Anonymous Symbol]                       0x080006d8   Section        0  stm32l031lib.o(.text.egetchar)
    [Anonymous Symbol]                       0x08000704   Section        0  stm32l031lib.o(.text.enablePullUp)
    [Anonymous Symbol]                       0x0800071c   Section        0  stm32l031lib.o(.text.eputchar)
    __arm_cp.6_0                             0x08000728   Number         4  stm32l031lib.o(.text.eputchar)
    [Anonymous Symbol]                       0x0800072c   Section        0  stm32l031lib.o(.text.eputs)
    [Anonymous Symbol]                       0x08000748   Section        0  stm32l031lib.o(.text.getButtonState)
    __arm_cp.8_0                             0x08000760   Number         4  stm32l031lib.o(.text.getButtonState)
    [Anonymous Symbol]                       0x08000764   Section        0  realm.o(.text.getUserInput)
    [Anonymous Symbol]                       0x08000770   Section        0  realm.o(.text.getWeaponName)
    [Anonymous Symbol]                       0x08000798   Section        0  stm32l031lib.o(.text.initButtons)
    __arm_cp.5_1                             0x080007d8   Number         4  stm32l031lib.o(.text.initButtons)
    [Anonymous Symbol]                       0x080007dc   Section        0  stm32l031lib.o(.text.initClock)
    __arm_cp.3_0                             0x080007fc   Number         4  stm32l031lib.o(.text.initClock)
    [Anonymous Symbol]                       0x08000800   Section        0  realm.o(.text.initPlayer)
    [Anonymous Symbol]                       0x080008b0   Section        0  realm.o(.text.initRealm)
    FindTypes                                0x08000920   Number         0  realm.o(.text.initRealm)
    Baddies                                  0x08000928   Number         0  realm.o(.text.initRealm)
    [Anonymous Symbol]                       0x0800092c   Section        0  stm32l031lib.o(.text.initSerial)
    __arm_cp.4_0                             0x080009b4   Number         4  stm32l031lib.o(.text.initSerial)
    __arm_cp.4_1                             0x080009b8   Number         4  stm32l031lib.o(.text.initSerial)
    __arm_cp.4_2                             0x080009bc   Number         4  stm32l031lib.o(.text.initSerial)
    __arm_cp.4_3                             0x080009c0   Number         4  stm32l031lib.o(.text.initSerial)
    [Anonymous Symbol]                       0x080009c4   Section        0  main.o(.text.main)
    [Anonymous Symbol]                       0x080009ce   Section        0  stm32l031lib.o(.text.pinMode)
    [Anonymous Symbol]                       0x080009e0   Section        0  realm.o(.text.playNote)
    __arm_cp.8_0                             0x08000a0c   Number         4  realm.o(.text.playNote)
    __arm_cp.8_1                             0x08000a10   Number         4  realm.o(.text.playNote)
    __arm_cp.8_2                             0x08000a14   Number         4  realm.o(.text.playNote)
    [Anonymous Symbol]                       0x08000a18   Section        0  realm.o(.text.prbs)
    __arm_cp.17_0                            0x08000a48   Number         4  realm.o(.text.prbs)
    [Anonymous Symbol]                       0x08000a4c   Section        0  stm32l031lib.o(.text.printDecimal)
    [Anonymous Symbol]                       0x08000a82   Section        0  realm.o(.text.random)
    [Anonymous Symbol]                       0x08000a98   Section        0  realm.o(.text.randomize)
    __arm_cp.18_0                            0x08000ac8   Number         4  realm.o(.text.randomize)
    [Anonymous Symbol]                       0x08000acc   Section        0  realm.o(.text.runGame)
    __arm_cp.0_0                             0x08000c1c   Number         4  realm.o(.text.runGame)
    __arm_cp.0_1                             0x08000c20   Number         4  realm.o(.text.runGame)
    __arm_cp.0_2                             0x08000c24   Number         4  realm.o(.text.runGame)
    __arm_cp.0_3                             0x08000c28   Number         4  realm.o(.text.runGame)
    __arm_cp.0_5                             0x08000c4c   Number         4  realm.o(.text.runGame)
    __arm_cp.0_7                             0x08000c70   Number         4  realm.o(.text.runGame)
    __arm_cp.0_8                             0x08000c74   Number         4  realm.o(.text.runGame)
    __arm_cp.0_10                            0x08000c8c   Number         4  realm.o(.text.runGame)
    [Anonymous Symbol]                       0x08000cbc   Section        0  realm.o(.text.setHealth)
    [Anonymous Symbol]                       0x08000cca   Section        0  realm.o(.text.setStrength)
    [Anonymous Symbol]                       0x08000cd4   Section        0  realm.o(.text.showGameMessage)
    [Anonymous Symbol]                       0x08000cf0   Section        0  realm.o(.text.showHelp)
    [Anonymous Symbol]                       0x08000d88   Section        0  realm.o(.text.showPlayer)
    [Anonymous Symbol]                       0x08000e74   Section        0  realm.o(.text.showRealm)
    __arm_cp.7_1                             0x08000ee4   Number         4  realm.o(.text.showRealm)
    [Anonymous Symbol]                       0x08000f54   Section        0  realm.o(.text.step)
    __arm_cp.9_1                             0x080010e4   Number         4  realm.o(.text.step)
    __arm_cp.9_5                             0x08001140   Number         4  realm.o(.text.step)
    __arm_cp.9_6                             0x08001144   Number         4  realm.o(.text.step)
    __arm_cp.9_7                             0x08001148   Number         4  realm.o(.text.step)
    __arm_cp.9_8                             0x0800114c   Number         4  realm.o(.text.step)
    __arm_cp.9_9                             0x08001150   Number         4  realm.o(.text.step)
    __arm_cp.9_10                            0x08001154   Number         4  realm.o(.text.step)
    .text_divfast                            0x08001158   Section      502  aeabi_sdivfast.o(.text_divfast)
    WeaponDamage                             0x0800134e   Data          16  realm.o(.rodata.cst16)
    .L.str.42                                0x0800135e   Data          31  realm.o(.rodata.str1.1)
    [Anonymous Symbol]                       0x0800135e   Section        0  realm.o(.rodata.str1.1)
    .L.str.20                                0x0800137a   Data           3  realm.o(.rodata.str1.1)
    .L.str.33                                0x0800137d   Data          13  realm.o(.rodata.str1.1)
    .L.str.11                                0x0800138a   Data          39  realm.o(.rodata.str1.1)
    .L.str.30                                0x080013b1   Data          11  realm.o(.rodata.str1.1)
    .L.str.8                                 0x080013bc   Data          25  realm.o(.rodata.str1.1)
    .L.str.46                                0x080013d5   Data           6  realm.o(.rodata.str1.1)
    .L.str.45                                0x080013db   Data           4  realm.o(.rodata.str1.1)
    .L.str.32                                0x080013df   Data          18  realm.o(.rodata.str1.1)
    .L.str.13                                0x080013f1   Data          29  realm.o(.rodata.str1.1)
    .L.str.47                                0x0800140e   Data           6  realm.o(.rodata.str1.1)
    .L.str.36                                0x08001414   Data          29  realm.o(.rodata.str1.1)
    .L.str.35                                0x08001431   Data          37  realm.o(.rodata.str1.1)
    .L.str.9                                 0x08001456   Data          39  realm.o(.rodata.str1.1)
    .L.str.10                                0x0800147d   Data          29  realm.o(.rodata.str1.1)
    .L.str.12                                0x0800149a   Data          39  realm.o(.rodata.str1.1)
    .L.str.44                                0x080014c1   Data           6  realm.o(.rodata.str1.1)
    shift_register                           0x20000000   Data           4  realm.o(.data.shift_register)
    [Anonymous Symbol]                       0x20000000   Section        0  realm.o(.data.shift_register)
    .bss                                     0x20000008   Section       96  libspace.o(.bss)
    GameStarted                              0x20000068   Data           1  realm.o(.bss.GameStarted)
    [Anonymous Symbol]                       0x20000068   Section        0  realm.o(.bss.GameStarted)
    SoundDuration                            0x2000006c   Data           4  realm.o(.bss.SoundDuration)
    [Anonymous Symbol]                       0x2000006c   Section        0  realm.o(.bss.SoundDuration)
    prbs.busy                                0x20000070   Data           1  realm.o(.bss.prbs.busy)
    [Anonymous Symbol]                       0x20000070   Section        0  realm.o(.bss.prbs.busy)
    thePlayer                                0x20000071   Data          29  realm.o(.bss.thePlayer)
    [Anonymous Symbol]                       0x20000071   Section        0  realm.o(.bss.thePlayer)
    theRealm                                 0x2000008e   Data         600  realm.o(.bss.theRealm)
    [Anonymous Symbol]                       0x2000008e   Section        0  realm.o(.bss.theRealm)
    Heap_Mem                                 0x200002e8   Data         512  startup_stm32l031xx.o(HEAP)
    HEAP                                     0x200002e8   Section      512  startup_stm32l031xx.o(HEAP)
    Stack_Mem                                0x200004e8   Data        1024  startup_stm32l031xx.o(STACK)
    STACK                                    0x200004e8   Section     1024  startup_stm32l031xx.o(STACK)
    __initial_sp                             0x200008e8   Data           0  startup_stm32l031xx.o(STACK)

    Global Symbols

    Symbol Name                              Value     Ov Type        Size  Object(Section)

    BuildAttributes$$THM_ISAv3M$S$PE$A:L22$X:L11$S22$IEEE1$IW$~IW$USESV6$~STKCKD$USESV7$~SHL$OTIME$ROPI$EBA8$UX$STANDARDLIB$REQ8$PRES8$EABIv2 0x00000000   Number         0  anon$$obj.o ABSOLUTE
    __ARM_exceptions_init                     - Undefined Weak Reference
    __alloca_initialize                       - Undefined Weak Reference
    __arm_preinit_                            - Undefined Weak Reference
    __cpp_initialize__aeabi_                  - Undefined Weak Reference
    __cxa_finalize                            - Undefined Weak Reference
    __rt_locale                               - Undefined Weak Reference
    __sigvec_lookup                           - Undefined Weak Reference
    _atexit_init                              - Undefined Weak Reference
    _call_atexit_fns                          - Undefined Weak Reference
    _clock_init                               - Undefined Weak Reference
    _fp_trap_init                             - Undefined Weak Reference
    _fp_trap_shutdown                         - Undefined Weak Reference
    _get_lc_collate                           - Undefined Weak Reference
    _get_lc_ctype                             - Undefined Weak Reference
    _get_lc_monetary                          - Undefined Weak Reference
    _get_lc_numeric                           - Undefined Weak Reference
    _get_lc_time                              - Undefined Weak Reference
    _getenv_init                              - Undefined Weak Reference
    _handle_redirection                       - Undefined Weak Reference
    _init_alloc                               - Undefined Weak Reference
    _init_user_alloc                          - Undefined Weak Reference
    _initio                                   - Undefined Weak Reference
    _rand_init                                - Undefined Weak Reference
    _signal_finish                            - Undefined Weak Reference
    _signal_init                              - Undefined Weak Reference
    _terminate_alloc                          - Undefined Weak Reference
    _terminate_user_alloc                     - Undefined Weak Reference
    _terminateio                              - Undefined Weak Reference
    __Vectors_Size                           0x000000c0   Number         0  startup_stm32l031xx.o ABSOLUTE
    __Vectors                                0x08000000   Data           4  startup_stm32l031xx.o(RESET)
    __Vectors_End                            0x080000c0   Data           0  startup_stm32l031xx.o(RESET)
    __main                                   0x080000c1   Thumb Code     8  __main.o(!!!main)
    __scatterload                            0x080000c9   Thumb Code     0  __scatter.o(!!!scatter)
    __scatterload_rt2                        0x080000c9   Thumb Code    52  __scatter.o(!!!scatter)
    __scatterload_rt2_thumb_only             0x080000c9   Thumb Code     0  __scatter.o(!!!scatter)
    __scatterload_null                       0x080000d9   Thumb Code     0  __scatter.o(!!!scatter)
    __scatterload_copy                       0x08000105   Thumb Code    26  __scatter_copy.o(!!handler_copy)
    __scatterload_zeroinit                   0x08000121   Thumb Code    28  __scatter_zi.o(!!handler_zi)
    __rt_lib_init                            0x0800013d   Thumb Code     0  libinit.o(.ARM.Collect$$libinit$$00000000)
    __rt_lib_init_alloca_1                   0x0800013f   Thumb Code     0  libinit2.o(.ARM.Collect$$libinit$$0000002E)
    __rt_lib_init_argv_1                     0x0800013f   Thumb Code     0  libinit2.o(.ARM.Collect$$libinit$$0000002C)
    __rt_lib_init_atexit_1                   0x0800013f   Thumb Code     0  libinit2.o(.ARM.Collect$$libinit$$0000001B)
    __rt_lib_init_clock_1                    0x0800013f   Thumb Code     0  libinit2.o(.ARM.Collect$$libinit$$00000021)
    __rt_lib_init_cpp_1                      0x0800013f   Thumb Code     0  libinit2.o(.ARM.Collect$$libinit$$00000032)
    __rt_lib_init_exceptions_1               0x0800013f   Thumb Code     0  libinit2.o(.ARM.Collect$$libinit$$00000030)
    __rt_lib_init_fp_1                       0x0800013f   Thumb Code     0  libinit2.o(.ARM.Collect$$libinit$$00000002)
    __rt_lib_init_fp_trap_1                  0x0800013f   Thumb Code     0  libinit2.o(.ARM.Collect$$libinit$$0000001F)
    __rt_lib_init_getenv_1                   0x0800013f   Thumb Code     0  libinit2.o(.ARM.Collect$$libinit$$00000023)
    __rt_lib_init_heap_1                     0x0800013f   Thumb Code     0  libinit2.o(.ARM.Collect$$libinit$$0000000A)
    __rt_lib_init_lc_collate_1               0x0800013f   Thumb Code     0  libinit2.o(.ARM.Collect$$libinit$$00000011)
    __rt_lib_init_lc_ctype_1                 0x0800013f   Thumb Code     0  libinit2.o(.ARM.Collect$$libinit$$00000013)
    __rt_lib_init_lc_monetary_1              0x0800013f   Thumb Code     0  libinit2.o(.ARM.Collect$$libinit$$00000015)
    __rt_lib_init_lc_numeric_1               0x0800013f   Thumb Code     0  libinit2.o(.ARM.Collect$$libinit$$00000017)
    __rt_lib_init_lc_time_1                  0x0800013f   Thumb Code     0  libinit2.o(.ARM.Collect$$libinit$$00000019)
    __rt_lib_init_preinit_1                  0x0800013f   Thumb Code     0  libinit2.o(.ARM.Collect$$libinit$$00000004)
    __rt_lib_init_rand_1                     0x0800013f   Thumb Code     0  libinit2.o(.ARM.Collect$$libinit$$0000000E)
    __rt_lib_init_return                     0x0800013f   Thumb Code     0  libinit2.o(.ARM.Collect$$libinit$$00000033)
    __rt_lib_init_signal_1                   0x0800013f   Thumb Code     0  libinit2.o(.ARM.Collect$$libinit$$0000001D)
    __rt_lib_init_stdio_1                    0x0800013f   Thumb Code     0  libinit2.o(.ARM.Collect$$libinit$$00000025)
    __rt_lib_init_user_alloc_1               0x0800013f   Thumb Code     0  libinit2.o(.ARM.Collect$$libinit$$0000000C)
    __rt_lib_shutdown                        0x08000141   Thumb Code     0  libshutdown.o(.ARM.Collect$$libshutdown$$00000000)
    __rt_lib_shutdown_cpp_1                  0x08000143   Thumb Code     0  libshutdown2.o(.ARM.Collect$$libshutdown$$00000002)
    __rt_lib_shutdown_fp_trap_1              0x08000143   Thumb Code     0  libshutdown2.o(.ARM.Collect$$libshutdown$$00000007)
    __rt_lib_shutdown_heap_1                 0x08000143   Thumb Code     0  libshutdown2.o(.ARM.Collect$$libshutdown$$0000000F)
    __rt_lib_shutdown_return                 0x08000143   Thumb Code     0  libshutdown2.o(.ARM.Collect$$libshutdown$$00000010)
    __rt_lib_shutdown_signal_1               0x08000143   Thumb Code     0  libshutdown2.o(.ARM.Collect$$libshutdown$$0000000A)
    __rt_lib_shutdown_stdio_1                0x08000143   Thumb Code     0  libshutdown2.o(.ARM.Collect$$libshutdown$$00000004)
    __rt_lib_shutdown_user_alloc_1           0x08000143   Thumb Code     0  libshutdown2.o(.ARM.Collect$$libshutdown$$0000000C)
    __rt_entry                               0x08000145   Thumb Code     0  __rtentry.o(.ARM.Collect$$rtentry$$00000000)
    __rt_entry_presh_1                       0x08000145   Thumb Code     0  __rtentry2.o(.ARM.Collect$$rtentry$$00000002)
    __rt_entry_sh                            0x08000145   Thumb Code     0  __rtentry4.o(.ARM.Collect$$rtentry$$00000004)
    __rt_entry_li                            0x0800014b   Thumb Code     0  __rtentry2.o(.ARM.Collect$$rtentry$$0000000A)
    __rt_entry_postsh_1                      0x0800014b   Thumb Code     0  __rtentry2.o(.ARM.Collect$$rtentry$$00000009)
    __rt_entry_main                          0x0800014f   Thumb Code     0  __rtentry2.o(.ARM.Collect$$rtentry$$0000000D)
    __rt_entry_postli_1                      0x0800014f   Thumb Code     0  __rtentry2.o(.ARM.Collect$$rtentry$$0000000C)
    __rt_exit                                0x08000157   Thumb Code     0  rtexit.o(.ARM.Collect$$rtexit$$00000000)
    __rt_exit_ls                             0x08000159   Thumb Code     0  rtexit2.o(.ARM.Collect$$rtexit$$00000003)
    __rt_exit_prels_1                        0x08000159   Thumb Code     0  rtexit2.o(.ARM.Collect$$rtexit$$00000002)
    __rt_exit_exit                           0x0800015d   Thumb Code     0  rtexit2.o(.ARM.Collect$$rtexit$$00000004)
    Reset_Handler                            0x08000165   Thumb Code     8  startup_stm32l031xx.o(.text)
    NMI_Handler                              0x0800016d   Thumb Code     2  startup_stm32l031xx.o(.text)
    HardFault_Handler                        0x0800016f   Thumb Code     2  startup_stm32l031xx.o(.text)
    SVC_Handler                              0x08000171   Thumb Code     2  startup_stm32l031xx.o(.text)
    PendSV_Handler                           0x08000173   Thumb Code     2  startup_stm32l031xx.o(.text)
    ADC1_COMP_IRQHandler                     0x08000177   Thumb Code     0  startup_stm32l031xx.o(.text)
    DMA1_Channel1_IRQHandler                 0x08000177   Thumb Code     0  startup_stm32l031xx.o(.text)
    DMA1_Channel2_3_IRQHandler               0x08000177   Thumb Code     0  startup_stm32l031xx.o(.text)
    DMA1_Channel4_5_6_7_IRQHandler           0x08000177   Thumb Code     0  startup_stm32l031xx.o(.text)
    EXTI0_1_IRQHandler                       0x08000177   Thumb Code     0  startup_stm32l031xx.o(.text)
    EXTI2_3_IRQHandler                       0x08000177   Thumb Code     0  startup_stm32l031xx.o(.text)
    EXTI4_15_IRQHandler                      0x08000177   Thumb Code     0  startup_stm32l031xx.o(.text)
    FLASH_IRQHandler                         0x08000177   Thumb Code     0  startup_stm32l031xx.o(.text)
    I2C1_IRQHandler                          0x08000177   Thumb Code     0  startup_stm32l031xx.o(.text)
    LPTIM1_IRQHandler                        0x08000177   Thumb Code     0  startup_stm32l031xx.o(.text)
    LPUART1_IRQHandler                       0x08000177   Thumb Code     0  startup_stm32l031xx.o(.text)
    PVD_IRQHandler                           0x08000177   Thumb Code     0  startup_stm32l031xx.o(.text)
    RCC_IRQHandler                           0x08000177   Thumb Code     0  startup_stm32l031xx.o(.text)
    RTC_IRQHandler                           0x08000177   Thumb Code     0  startup_stm32l031xx.o(.text)
    SPI1_IRQHandler                          0x08000177   Thumb Code     0  startup_stm32l031xx.o(.text)
    TIM21_IRQHandler                         0x08000177   Thumb Code     0  startup_stm32l031xx.o(.text)
    TIM22_IRQHandler                         0x08000177   Thumb Code     0  startup_stm32l031xx.o(.text)
    TIM2_IRQHandler                          0x08000177   Thumb Code     0  startup_stm32l031xx.o(.text)
    USART2_IRQHandler                        0x08000177   Thumb Code     0  startup_stm32l031xx.o(.text)
    WWDG_IRQHandler                          0x08000177   Thumb Code     0  startup_stm32l031xx.o(.text)
    __user_initial_stackheap                 0x08000179   Thumb Code     0  startup_stm32l031xx.o(.text)
    __use_two_region_memory                  0x0800019d   Thumb Code     2  heapauxi.o(.text)
    __rt_heap_escrow$2region                 0x0800019f   Thumb Code     2  heapauxi.o(.text)
    __rt_heap_expand$2region                 0x080001a1   Thumb Code     2  heapauxi.o(.text)
    __user_setup_stackheap                   0x080001a3   Thumb Code    62  sys_stackheap_outer.o(.text)
    exit                                     0x080001e1   Thumb Code    16  exit.o(.text)
    __user_libspace                          0x080001f1   Thumb Code     8  libspace.o(.text)
    __user_perproc_libspace                  0x080001f1   Thumb Code     0  libspace.o(.text)
    __user_perthread_libspace                0x080001f1   Thumb Code     0  libspace.o(.text)
    _sys_exit                                0x080001f9   Thumb Code     8  sys_exit.o(.text)
    __I$use$semihosting                      0x08000205   Thumb Code     0  use_no_semi.o(.text)
    __use_no_semihosting_swi                 0x08000205   Thumb Code     2  use_no_semi.o(.text)
    __semihosting_library_function           0x08000207   Thumb Code     0  indicate_semi.o(.text)
    ADCBegin                                 0x08000209   Thumb Code    80  realm.o(.text.ADCBegin)
    ADCRead                                  0x08000259   Thumb Code    28  realm.o(.text.ADCRead)
    SysTick_Handler                          0x08000275   Thumb Code    36  realm.o(.text.SysTick_Handler)
    SystemInit                               0x08000299   Thumb Code    80  system_stm32l0xx.o(.text.SystemInit)
    addWeapon                                0x080002e9   Thumb Code   268  realm.o(.text.addWeapon)
    delay                                    0x080003f5   Thumb Code    18  stm32l031lib.o(.text.delay)
    doChallenge                              0x08000409   Thumb Code   720  realm.o(.text.doChallenge)
    egetchar                                 0x080006d9   Thumb Code    44  stm32l031lib.o(.text.egetchar)
    enablePullUp                             0x08000705   Thumb Code    24  stm32l031lib.o(.text.enablePullUp)
    eputchar                                 0x0800071d   Thumb Code    16  stm32l031lib.o(.text.eputchar)
    eputs                                    0x0800072d   Thumb Code    28  stm32l031lib.o(.text.eputs)
    getButtonState                           0x08000749   Thumb Code    28  stm32l031lib.o(.text.getButtonState)
    getUserInput                             0x08000765   Thumb Code    12  realm.o(.text.getUserInput)
    getWeaponName                            0x08000771   Thumb Code    40  realm.o(.text.getWeaponName)
    initButtons                              0x08000799   Thumb Code    68  stm32l031lib.o(.text.initButtons)
    initClock                                0x080007dd   Thumb Code    36  stm32l031lib.o(.text.initClock)
    initPlayer                               0x08000801   Thumb Code   176  realm.o(.text.initPlayer)
    initRealm                                0x080008b1   Thumb Code   124  realm.o(.text.initRealm)
    initSerial                               0x0800092d   Thumb Code   152  stm32l031lib.o(.text.initSerial)
    main                                     0x080009c5   Thumb Code    10  main.o(.text.main)
    pinMode                                  0x080009cf   Thumb Code    18  stm32l031lib.o(.text.pinMode)
    playNote                                 0x080009e1   Thumb Code    56  realm.o(.text.playNote)
    prbs                                     0x08000a19   Thumb Code    52  realm.o(.text.prbs)
    printDecimal                             0x08000a4d   Thumb Code    54  stm32l031lib.o(.text.printDecimal)
    random                                   0x08000a83   Thumb Code    20  realm.o(.text.random)
    randomize                                0x08000a99   Thumb Code    52  realm.o(.text.randomize)
    runGame                                  0x08000acd   Thumb Code   496  realm.o(.text.runGame)
    setHealth                                0x08000cbd   Thumb Code    14  realm.o(.text.setHealth)
    setStrength                              0x08000ccb   Thumb Code    10  realm.o(.text.setStrength)
    showGameMessage                          0x08000cd5   Thumb Code    28  realm.o(.text.showGameMessage)
    showHelp                                 0x08000cf1   Thumb Code   152  realm.o(.text.showHelp)
    showPlayer                               0x08000d89   Thumb Code   236  realm.o(.text.showPlayer)
    showRealm                                0x08000e75   Thumb Code   224  realm.o(.text.showRealm)
    step                                     0x08000f55   Thumb Code   516  realm.o(.text.step)
    __aeabi_uidiv                            0x08001159   Thumb Code    68  aeabi_sdivfast.o(.text_divfast)
    __aeabi_idiv                             0x0800119d   Thumb Code   434  aeabi_sdivfast.o(.text_divfast)
    Region$$Table$$Base                      0x080014c8   Number         0  anon$$obj.o(Region$$Table)
    Region$$Table$$Limit                     0x080014e8   Number         0  anon$$obj.o(Region$$Table)
    __libspace_start                         0x20000008   Data          96  libspace.o(.bss)
    __temporary_stack_top$libspace           0x20000068   Data           0  libspace.o(.bss)



==============================================================================

Memory Map of the image

  Image Entry point : 0x08000165

  Load Region LR_1 (Base: 0x08000000, Size: 0x000014ec, Max: 0xffffffff, ABSOLUTE)

    Execution Region ER_RO (Exec base: 0x08000000, Load base: 0x08000000, Size: 0x000014e8, Max: 0xffffffff, ABSOLUTE)

    Exec Addr    Load Addr    Size         Type   Attr      Idx    E Section Name        Object

    0x08000000   0x08000000   0x000000c0   Data   RO          102    RESET               startup_stm32l031xx.o
    0x080000c0   0x080000c0   0x00000008   Code   RO          137  * !!!main             c_p.l(__main.o)
    0x080000c8   0x080000c8   0x0000003c   Code   RO          312    !!!scatter          c_p.l(__scatter.o)
    0x08000104   0x08000104   0x0000001a   Code   RO          314    !!handler_copy      c_p.l(__scatter_copy.o)
    0x0800011e   0x0800011e   0x00000002   PAD
    0x08000120   0x08000120   0x0000001c   Code   RO          316    !!handler_zi        c_p.l(__scatter_zi.o)
    0x0800013c   0x0800013c   0x00000002   Code   RO          175    .ARM.Collect$$libinit$$00000000  c_p.l(libinit.o)
    0x0800013e   0x0800013e   0x00000000   Code   RO          189    .ARM.Collect$$libinit$$00000002  c_p.l(libinit2.o)
    0x0800013e   0x0800013e   0x00000000   Code   RO          191    .ARM.Collect$$libinit$$00000004  c_p.l(libinit2.o)
    0x0800013e   0x0800013e   0x00000000   Code   RO          194    .ARM.Collect$$libinit$$0000000A  c_p.l(libinit2.o)
    0x0800013e   0x0800013e   0x00000000   Code   RO          196    .ARM.Collect$$libinit$$0000000C  c_p.l(libinit2.o)
    0x0800013e   0x0800013e   0x00000000   Code   RO          198    .ARM.Collect$$libinit$$0000000E  c_p.l(libinit2.o)
    0x0800013e   0x0800013e   0x00000000   Code   RO          201    .ARM.Collect$$libinit$$00000011  c_p.l(libinit2.o)
    0x0800013e   0x0800013e   0x00000000   Code   RO          203    .ARM.Collect$$libinit$$00000013  c_p.l(libinit2.o)
    0x0800013e   0x0800013e   0x00000000   Code   RO          205    .ARM.Collect$$libinit$$00000015  c_p.l(libinit2.o)
    0x0800013e   0x0800013e   0x00000000   Code   RO          207    .ARM.Collect$$libinit$$00000017  c_p.l(libinit2.o)
    0x0800013e   0x0800013e   0x00000000   Code   RO          209    .ARM.Collect$$libinit$$00000019  c_p.l(libinit2.o)
    0x0800013e   0x0800013e   0x00000000   Code   RO          211    .ARM.Collect$$libinit$$0000001B  c_p.l(libinit2.o)
    0x0800013e   0x0800013e   0x00000000   Code   RO          213    .ARM.Collect$$libinit$$0000001D  c_p.l(libinit2.o)
    0x0800013e   0x0800013e   0x00000000   Code   RO          215    .ARM.Collect$$libinit$$0000001F  c_p.l(libinit2.o)
    0x0800013e   0x0800013e   0x00000000   Code   RO          217    .ARM.Collect$$libinit$$00000021  c_p.l(libinit2.o)
    0x0800013e   0x0800013e   0x00000000   Code   RO          219    .ARM.Collect$$libinit$$00000023  c_p.l(libinit2.o)
    0x0800013e   0x0800013e   0x00000000   Code   RO          221    .ARM.Collect$$libinit$$00000025  c_p.l(libinit2.o)
    0x0800013e   0x0800013e   0x00000000   Code   RO          225    .ARM.Collect$$libinit$$0000002C  c_p.l(libinit2.o)
    0x0800013e   0x0800013e   0x00000000   Code   RO          227    .ARM.Collect$$libinit$$0000002E  c_p.l(libinit2.o)
    0x0800013e   0x0800013e   0x00000000   Code   RO          229    .ARM.Collect$$libinit$$00000030  c_p.l(libinit2.o)
    0x0800013e   0x0800013e   0x00000000   Code   RO          231    .ARM.Collect$$libinit$$00000032  c_p.l(libinit2.o)
    0x0800013e   0x0800013e   0x00000002   Code   RO          232    .ARM.Collect$$libinit$$00000033  c_p.l(libinit2.o)
    0x08000140   0x08000140   0x00000002   Code   RO          267    .ARM.Collect$$libshutdown$$00000000  c_p.l(libshutdown.o)
    0x08000142   0x08000142   0x00000000   Code   RO          295    .ARM.Collect$$libshutdown$$00000002  c_p.l(libshutdown2.o)
    0x08000142   0x08000142   0x00000000   Code   RO          297    .ARM.Collect$$libshutdown$$00000004  c_p.l(libshutdown2.o)
    0x08000142   0x08000142   0x00000000   Code   RO          300    .ARM.Collect$$libshutdown$$00000007  c_p.l(libshutdown2.o)
    0x08000142   0x08000142   0x00000000   Code   RO          303    .ARM.Collect$$libshutdown$$0000000A  c_p.l(libshutdown2.o)
    0x08000142   0x08000142   0x00000000   Code   RO          305    .ARM.Collect$$libshutdown$$0000000C  c_p.l(libshutdown2.o)
    0x08000142   0x08000142   0x00000000   Code   RO          308    .ARM.Collect$$libshutdown$$0000000F  c_p.l(libshutdown2.o)
    0x08000142   0x08000142   0x00000002   Code   RO          309    .ARM.Collect$$libshutdown$$00000010  c_p.l(libshutdown2.o)
    0x08000144   0x08000144   0x00000000   Code   RO          139    .ARM.Collect$$rtentry$$00000000  c_p.l(__rtentry.o)
    0x08000144   0x08000144   0x00000000   Code   RO          145    .ARM.Collect$$rtentry$$00000002  c_p.l(__rtentry2.o)
    0x08000144   0x08000144   0x00000006   Code   RO          157    .ARM.Collect$$rtentry$$00000004  c_p.l(__rtentry4.o)
    0x0800014a   0x0800014a   0x00000000   Code   RO          147    .ARM.Collect$$rtentry$$00000009  c_p.l(__rtentry2.o)
    0x0800014a   0x0800014a   0x00000004   Code   RO          148    .ARM.Collect$$rtentry$$0000000A  c_p.l(__rtentry2.o)
    0x0800014e   0x0800014e   0x00000000   Code   RO          150    .ARM.Collect$$rtentry$$0000000C  c_p.l(__rtentry2.o)
    0x0800014e   0x0800014e   0x00000008   Code   RO          151    .ARM.Collect$$rtentry$$0000000D  c_p.l(__rtentry2.o)
    0x08000156   0x08000156   0x00000002   Code   RO          180    .ARM.Collect$$rtexit$$00000000  c_p.l(rtexit.o)
    0x08000158   0x08000158   0x00000000   Code   RO          238    .ARM.Collect$$rtexit$$00000002  c_p.l(rtexit2.o)
    0x08000158   0x08000158   0x00000004   Code   RO          239    .ARM.Collect$$rtexit$$00000003  c_p.l(rtexit2.o)
    0x0800015c   0x0800015c   0x00000006   Code   RO          240    .ARM.Collect$$rtexit$$00000004  c_p.l(rtexit2.o)
    0x08000162   0x08000162   0x00000002   PAD
    0x08000164   0x08000164   0x00000038   Code   RO          103  * .text               startup_stm32l031xx.o
    0x0800019c   0x0800019c   0x00000006   Code   RO          135    .text               c_p.l(heapauxi.o)
    0x080001a2   0x080001a2   0x0000003e   Code   RO          161    .text               c_p.l(sys_stackheap_outer.o)
    0x080001e0   0x080001e0   0x00000010   Code   RO          164    .text               c_p.l(exit.o)
    0x080001f0   0x080001f0   0x00000008   Code   RO          176    .text               c_p.l(libspace.o)
    0x080001f8   0x080001f8   0x0000000c   Code   RO          233    .text               c_p.l(sys_exit.o)
    0x08000204   0x08000204   0x00000002   Code   RO          256    .text               c_p.l(use_no_semi.o)
    0x08000206   0x08000206   0x00000000   Code   RO          258    .text               c_p.l(indicate_semi.o)
    0x08000206   0x08000206   0x00000002   PAD
    0x08000208   0x08000208   0x00000050   Code   RO           79    .text.ADCBegin      realm.o
    0x08000258   0x08000258   0x0000001c   Code   RO           81    .text.ADCRead       realm.o
    0x08000274   0x08000274   0x00000024   Code   RO           83    .text.SysTick_Handler  realm.o
    0x08000298   0x08000298   0x00000050   Code   RO          110    .text.SystemInit    system_stm32l0xx.o
    0x080002e8   0x080002e8   0x0000010c   Code   RO           67    .text.addWeapon     realm.o
    0x080003f4   0x080003f4   0x00000012   Code   RO            4    .text.delay         stm32l031lib.o
    0x08000406   0x08000406   0x00000002   PAD
    0x08000408   0x08000408   0x000002d0   Code   RO           61    .text.doChallenge   realm.o
    0x080006d8   0x080006d8   0x0000002c   Code   RO           16    .text.egetchar      stm32l031lib.o
    0x08000704   0x08000704   0x00000018   Code   RO            6    .text.enablePullUp  stm32l031lib.o
    0x0800071c   0x0800071c   0x00000010   Code   RO           14    .text.eputchar      stm32l031lib.o
    0x0800072c   0x0800072c   0x0000001c   Code   RO           20    .text.eputs         stm32l031lib.o
    0x08000748   0x08000748   0x0000001c   Code   RO           18    .text.getButtonState  stm32l031lib.o
    0x08000764   0x08000764   0x0000000c   Code   RO           47    .text.getUserInput  realm.o
    0x08000770   0x08000770   0x00000028   Code   RO           71    .text.getWeaponName  realm.o
    0x08000798   0x08000798   0x00000044   Code   RO           12    .text.initButtons   stm32l031lib.o
    0x080007dc   0x080007dc   0x00000024   Code   RO            8    .text.initClock     stm32l031lib.o
    0x08000800   0x08000800   0x000000b0   Code   RO           51    .text.initPlayer    realm.o
    0x080008b0   0x080008b0   0x0000007c   Code   RO           49    .text.initRealm     realm.o
    0x0800092c   0x0800092c   0x00000098   Code   RO           10    .text.initSerial    stm32l031lib.o
    0x080009c4   0x080009c4   0x0000000a   Code   RO           32    .text.main          main.o
    0x080009ce   0x080009ce   0x00000012   Code   RO            2    .text.pinMode       stm32l031lib.o
    0x080009e0   0x080009e0   0x00000038   Code   RO           57    .text.playNote      realm.o
    0x08000a18   0x08000a18   0x00000034   Code   RO           75    .text.prbs          realm.o
    0x08000a4c   0x08000a4c   0x00000036   Code   RO           22    .text.printDecimal  stm32l031lib.o
    0x08000a82   0x08000a82   0x00000014   Code   RO           69    .text.random        realm.o
    0x08000a96   0x08000a96   0x00000002   PAD
    0x08000a98   0x08000a98   0x00000034   Code   RO           77    .text.randomize     realm.o
    0x08000acc   0x08000acc   0x000001f0   Code   RO           41    .text.runGame       realm.o
    0x08000cbc   0x08000cbc   0x0000000e   Code   RO           63    .text.setHealth     realm.o
    0x08000cca   0x08000cca   0x0000000a   Code   RO           65    .text.setStrength   realm.o
    0x08000cd4   0x08000cd4   0x0000001c   Code   RO           45    .text.showGameMessage  realm.o
    0x08000cf0   0x08000cf0   0x00000098   Code   RO           43    .text.showHelp      realm.o
    0x08000d88   0x08000d88   0x000000ec   Code   RO           53    .text.showPlayer    realm.o
    0x08000e74   0x08000e74   0x000000e0   Code   RO           55    .text.showRealm     realm.o
    0x08000f54   0x08000f54   0x00000204   Code   RO           59    .text.step          realm.o
    0x08001158   0x08001158   0x000001f6   Code   RO          128    .text_divfast       c_p.l(aeabi_sdivfast.o)
    0x0800134e   0x0800134e   0x00000010   Data   RO           89    .rodata.cst16       realm.o
    0x0800135e   0x0800135e   0x00000169   Data   RO           88    .rodata.str1.1      realm.o
    0x080014c7   0x080014c7   0x00000001   PAD
    0x080014c8   0x080014c8   0x00000020   Data   RO          311    Region$$Table       anon$$obj.o


    Execution Region ER_RW (Exec base: 0x20000000, Load base: 0x080014e8, Size: 0x00000004, Max: 0xffffffff, ABSOLUTE)

    Exec Addr    Load Addr    Size         Type   Attr      Idx    E Section Name        Object

    0x20000000   0x080014e8   0x00000004   Data   RW           91    .data.shift_register  realm.o


    Execution Region ER_ZI (Exec base: 0x20000008, Load base: 0x080014ec, Size: 0x000008e0, Max: 0xffffffff, ABSOLUTE)

    Exec Addr    Load Addr    Size         Type   Attr      Idx    E Section Name        Object

    0x20000008        -       0x00000060   Zero   RW          177    .bss                c_p.l(libspace.o)
    0x20000068        -       0x00000001   Zero   RW           85    .bss.GameStarted    realm.o
    0x20000069   0x080014ec   0x00000003   PAD
    0x2000006c        -       0x00000004   Zero   RW           92    .bss.SoundDuration  realm.o
    0x20000070        -       0x00000001   Zero   RW           90    .bss.prbs.busy      realm.o
    0x20000071        -       0x0000001d   Zero   RW           87    .bss.thePlayer      realm.o
    0x2000008e        -       0x00000258   Zero   RW           86    .bss.theRealm       realm.o
    0x200002e6   0x080014ec   0x00000002   PAD
    0x200002e8        -       0x00000200   Zero   RW          101    HEAP                startup_stm32l031xx.o
    0x200004e8        -       0x00000400   Zero   RW          100    STACK               startup_stm32l031xx.o


==============================================================================

Image component sizes


      Code (inc. data)   RO Data    RW Data    ZI Data      Debug   Object Name

        10          0          0          0          0        338   main.o
      3340       1284        377          4        635       9541   realm.o
        56         26        192          0       1536        660   startup_stm32l031xx.o
       486         32          0          0          0       3531   stm32l031lib.o
        80         16          0          0          0       2521   system_stm32l0xx.o

    ----------------------------------------------------------------------
      3976       1358        602          4       2176      16591   Object Totals
         0          0         32          0          0          0   (incl. Generated)
         4          0          1          0          5          0   (incl. Padding)

    ----------------------------------------------------------------------

      Code (inc. data)   RO Data    RW Data    ZI Data      Debug   Library Member Name

         8          0          0          0          0         68   __main.o
         0          0          0          0          0          0   __rtentry.o
        12          0          0          0          0          0   __rtentry2.o
         6          0          0          0          0          0   __rtentry4.o
        60          8          0          0          0          0   __scatter.o
        26          0          0          0          0          0   __scatter_copy.o
        28          0          0          0          0          0   __scatter_zi.o
       502          0          0          0          0         92   aeabi_sdivfast.o
        16          0          0          0          0         68   exit.o
         6          0          0          0          0        136   heapauxi.o
         0          0          0          0          0          0   indicate_semi.o
         2          0          0          0          0          0   libinit.o
         2          0          0          0          0          0   libinit2.o
         2          0          0          0          0          0   libshutdown.o
         2          0          0          0          0          0   libshutdown2.o
         8          4          0          0         96         68   libspace.o
         2          0          0          0          0          0   rtexit.o
        10          0          0          0          0          0   rtexit2.o
        12          4          0          0          0         60   sys_exit.o
        62          0          0          0          0         80   sys_stackheap_outer.o
         2          0          0          0          0         68   use_no_semi.o

    ----------------------------------------------------------------------
       774         16          0          0         96        640   Library Totals
         6          0          0          0          0          0   (incl. Padding)

    ----------------------------------------------------------------------

      Code (inc. data)   RO Data    RW Data    ZI Data      Debug   Library Name

       768         16          0          0         96        640   c_p.l

    ----------------------------------------------------------------------
       774         16          0          0         96        640   Library Totals

    ----------------------------------------------------------------------

==============================================================================


      Code (inc. data)   RO Data    RW Data    ZI Data      Debug   

      4750       1374        602          4       2272      17039   Grand Totals
      4750       1374        602          4       2272      17039   ELF Image Totals
      4750       1374        602          4          0          0   ROM Totals

==============================================================================

    Total RO  Size (Code + RO Data)                 5352 (   5.23kB)
    Total RW  Size (RW Data + ZI Data)              2276 (   2.22kB)
    Total ROM Size (Code + RO Data + RW Data)       5356 (   5.23kB)

==============================================================================

